Traceback (most recent call last):
  File "C:\Users\PC\miniconda3\envs\ml_venv\lib\site-packages\jupyter_cache\executors\utils.py", line 58, in single_nb_execution
    executenb(
  File "C:\Users\PC\miniconda3\envs\ml_venv\lib\site-packages\nbclient\client.py", line 1319, in execute
    return NotebookClient(nb=nb, resources=resources, km=km, **kwargs).execute()
  File "C:\Users\PC\miniconda3\envs\ml_venv\lib\site-packages\jupyter_core\utils\__init__.py", line 165, in wrapped
    return loop.run_until_complete(inner)
  File "C:\Users\PC\miniconda3\envs\ml_venv\lib\asyncio\base_events.py", line 647, in run_until_complete
    return future.result()
  File "C:\Users\PC\miniconda3\envs\ml_venv\lib\site-packages\nbclient\client.py", line 709, in async_execute
    await self.async_execute_cell(
  File "C:\Users\PC\miniconda3\envs\ml_venv\lib\site-packages\nbclient\client.py", line 1062, in async_execute_cell
    await self._check_raise_for_error(cell, cell_index, exec_reply)
  File "C:\Users\PC\miniconda3\envs\ml_venv\lib\site-packages\nbclient\client.py", line 918, in _check_raise_for_error
    raise CellExecutionError.from_cell_and_msg(cell, exec_reply_content)
nbclient.exceptions.CellExecutionError: An error occurred while executing the following cell:
------------------
zonas_df = pd.read_csv(r"C:\Users\PC\Desktop\ML_clase\jbook_ml20251\data\taxi+_zone_lookup.csv")
# Unir el DataFrame de taxis con las zonas usando PULocationID
df_taxi = df_taxi.merge(zonas_df[['LocationID', 'Zone']], left_on='PULocationID', right_on='LocationID', how='left')

# Unir también el DOLocationID para obtener la zona de destino
df_taxi = df_taxi.merge(zonas_df[['LocationID', 'Zone']], left_on='DOLocationID', right_on='LocationID', how='left', suffixes=('_pickup', '_dropoff'))
------------------


[1;31m---------------------------------------------------------------------------[0m
[1;31mMergeError[0m                                Traceback (most recent call last)
Cell [1;32mIn[17], line 6[0m
[0;32m      3[0m df_taxi [38;5;241m=[39m df_taxi[38;5;241m.[39mmerge(zonas_df[[[38;5;124m'[39m[38;5;124mLocationID[39m[38;5;124m'[39m, [38;5;124m'[39m[38;5;124mZone[39m[38;5;124m'[39m]], left_on[38;5;241m=[39m[38;5;124m'[39m[38;5;124mPULocationID[39m[38;5;124m'[39m, right_on[38;5;241m=[39m[38;5;124m'[39m[38;5;124mLocationID[39m[38;5;124m'[39m, how[38;5;241m=[39m[38;5;124m'[39m[38;5;124mleft[39m[38;5;124m'[39m)
[0;32m      5[0m [38;5;66;03m# Unir también el DOLocationID para obtener la zona de destino[39;00m
[1;32m----> 6[0m df_taxi [38;5;241m=[39m [43mdf_taxi[49m[38;5;241;43m.[39;49m[43mmerge[49m[43m([49m[43mzonas_df[49m[43m[[49m[43m[[49m[38;5;124;43m'[39;49m[38;5;124;43mLocationID[39;49m[38;5;124;43m'[39;49m[43m,[49m[43m [49m[38;5;124;43m'[39;49m[38;5;124;43mZone[39;49m[38;5;124;43m'[39;49m[43m][49m[43m][49m[43m,[49m[43m [49m[43mleft_on[49m[38;5;241;43m=[39;49m[38;5;124;43m'[39;49m[38;5;124;43mDOLocationID[39;49m[38;5;124;43m'[39;49m[43m,[49m[43m [49m[43mright_on[49m[38;5;241;43m=[39;49m[38;5;124;43m'[39;49m[38;5;124;43mLocationID[39;49m[38;5;124;43m'[39;49m[43m,[49m[43m [49m[43mhow[49m[38;5;241;43m=[39;49m[38;5;124;43m'[39;49m[38;5;124;43mleft[39;49m[38;5;124;43m'[39;49m[43m,[49m[43m [49m[43msuffixes[49m[38;5;241;43m=[39;49m[43m([49m[38;5;124;43m'[39;49m[38;5;124;43m_pickup[39;49m[38;5;124;43m'[39;49m[43m,[49m[43m [49m[38;5;124;43m'[39;49m[38;5;124;43m_dropoff[39;49m[38;5;124;43m'[39;49m[43m)[49m[43m)[49m

File [1;32m~\miniconda3\envs\ml_venv\lib\site-packages\pandas\core\frame.py:10832[0m, in [0;36mDataFrame.merge[1;34m(self, right, how, on, left_on, right_on, left_index, right_index, sort, suffixes, copy, indicator, validate)[0m
[0;32m  10813[0m [38;5;129m@Substitution[39m([38;5;124m"[39m[38;5;124m"[39m)
[0;32m  10814[0m [38;5;129m@Appender[39m(_merge_doc, indents[38;5;241m=[39m[38;5;241m2[39m)
[0;32m  10815[0m [38;5;28;01mdef[39;00m[38;5;250m [39m[38;5;21mmerge[39m(
[1;32m   (...)[0m
[0;32m  10828[0m     validate: MergeValidate [38;5;241m|[39m [38;5;28;01mNone[39;00m [38;5;241m=[39m [38;5;28;01mNone[39;00m,
[0;32m  10829[0m ) [38;5;241m-[39m[38;5;241m>[39m DataFrame:
[0;32m  10830[0m     [38;5;28;01mfrom[39;00m[38;5;250m [39m[38;5;21;01mpandas[39;00m[38;5;21;01m.[39;00m[38;5;21;01mcore[39;00m[38;5;21;01m.[39;00m[38;5;21;01mreshape[39;00m[38;5;21;01m.[39;00m[38;5;21;01mmerge[39;00m[38;5;250m [39m[38;5;28;01mimport[39;00m merge
[1;32m> 10832[0m     [38;5;28;01mreturn[39;00m [43mmerge[49m[43m([49m
[0;32m  10833[0m [43m        [49m[38;5;28;43mself[39;49m[43m,[49m
[0;32m  10834[0m [43m        [49m[43mright[49m[43m,[49m
[0;32m  10835[0m [43m        [49m[43mhow[49m[38;5;241;43m=[39;49m[43mhow[49m[43m,[49m
[0;32m  10836[0m [43m        [49m[43mon[49m[38;5;241;43m=[39;49m[43mon[49m[43m,[49m
[0;32m  10837[0m [43m        [49m[43mleft_on[49m[38;5;241;43m=[39;49m[43mleft_on[49m[43m,[49m
[0;32m  10838[0m [43m        [49m[43mright_on[49m[38;5;241;43m=[39;49m[43mright_on[49m[43m,[49m
[0;32m  10839[0m [43m        [49m[43mleft_index[49m[38;5;241;43m=[39;49m[43mleft_index[49m[43m,[49m
[0;32m  10840[0m [43m        [49m[43mright_index[49m[38;5;241;43m=[39;49m[43mright_index[49m[43m,[49m
[0;32m  10841[0m [43m        [49m[43msort[49m[38;5;241;43m=[39;49m[43msort[49m[43m,[49m
[0;32m  10842[0m [43m        [49m[43msuffixes[49m[38;5;241;43m=[39;49m[43msuffixes[49m[43m,[49m
[0;32m  10843[0m [43m        [49m[43mcopy[49m[38;5;241;43m=[39;49m[43mcopy[49m[43m,[49m
[0;32m  10844[0m [43m        [49m[43mindicator[49m[38;5;241;43m=[39;49m[43mindicator[49m[43m,[49m
[0;32m  10845[0m [43m        [49m[43mvalidate[49m[38;5;241;43m=[39;49m[43mvalidate[49m[43m,[49m
[0;32m  10846[0m [43m    [49m[43m)[49m

File [1;32m~\miniconda3\envs\ml_venv\lib\site-packages\pandas\core\reshape\merge.py:184[0m, in [0;36mmerge[1;34m(left, right, how, on, left_on, right_on, left_index, right_index, sort, suffixes, copy, indicator, validate)[0m
[0;32m    169[0m [38;5;28;01melse[39;00m:
[0;32m    170[0m     op [38;5;241m=[39m _MergeOperation(
[0;32m    171[0m         left_df,
[0;32m    172[0m         right_df,
[1;32m   (...)[0m
[0;32m    182[0m         validate[38;5;241m=[39mvalidate,
[0;32m    183[0m     )
[1;32m--> 184[0m     [38;5;28;01mreturn[39;00m [43mop[49m[38;5;241;43m.[39;49m[43mget_result[49m[43m([49m[43mcopy[49m[38;5;241;43m=[39;49m[43mcopy[49m[43m)[49m

File [1;32m~\miniconda3\envs\ml_venv\lib\site-packages\pandas\core\reshape\merge.py:888[0m, in [0;36m_MergeOperation.get_result[1;34m(self, copy)[0m
[0;32m    884[0m     [38;5;28mself[39m[38;5;241m.[39mleft, [38;5;28mself[39m[38;5;241m.[39mright [38;5;241m=[39m [38;5;28mself[39m[38;5;241m.[39m_indicator_pre_merge([38;5;28mself[39m[38;5;241m.[39mleft, [38;5;28mself[39m[38;5;241m.[39mright)
[0;32m    886[0m join_index, left_indexer, right_indexer [38;5;241m=[39m [38;5;28mself[39m[38;5;241m.[39m_get_join_info()
[1;32m--> 888[0m result [38;5;241m=[39m [38;5;28;43mself[39;49m[38;5;241;43m.[39;49m[43m_reindex_and_concat[49m[43m([49m
[0;32m    889[0m [43m    [49m[43mjoin_index[49m[43m,[49m[43m [49m[43mleft_indexer[49m[43m,[49m[43m [49m[43mright_indexer[49m[43m,[49m[43m [49m[43mcopy[49m[38;5;241;43m=[39;49m[43mcopy[49m
[0;32m    890[0m [43m[49m[43m)[49m
[0;32m    891[0m result [38;5;241m=[39m result[38;5;241m.[39m__finalize__([38;5;28mself[39m, method[38;5;241m=[39m[38;5;28mself[39m[38;5;241m.[39m_merge_type)
[0;32m    893[0m [38;5;28;01mif[39;00m [38;5;28mself[39m[38;5;241m.[39mindicator:

File [1;32m~\miniconda3\envs\ml_venv\lib\site-packages\pandas\core\reshape\merge.py:840[0m, in [0;36m_MergeOperation._reindex_and_concat[1;34m(self, join_index, left_indexer, right_indexer, copy)[0m
[0;32m    837[0m left [38;5;241m=[39m [38;5;28mself[39m[38;5;241m.[39mleft[:]
[0;32m    838[0m right [38;5;241m=[39m [38;5;28mself[39m[38;5;241m.[39mright[:]
[1;32m--> 840[0m llabels, rlabels [38;5;241m=[39m [43m_items_overlap_with_suffix[49m[43m([49m
[0;32m    841[0m [43m    [49m[38;5;28;43mself[39;49m[38;5;241;43m.[39;49m[43mleft[49m[38;5;241;43m.[39;49m[43m_info_axis[49m[43m,[49m[43m [49m[38;5;28;43mself[39;49m[38;5;241;43m.[39;49m[43mright[49m[38;5;241;43m.[39;49m[43m_info_axis[49m[43m,[49m[43m [49m[38;5;28;43mself[39;49m[38;5;241;43m.[39;49m[43msuffixes[49m
[0;32m    842[0m [43m[49m[43m)[49m
[0;32m    844[0m [38;5;28;01mif[39;00m left_indexer [38;5;129;01mis[39;00m [38;5;129;01mnot[39;00m [38;5;28;01mNone[39;00m [38;5;129;01mand[39;00m [38;5;129;01mnot[39;00m is_range_indexer(left_indexer, [38;5;28mlen[39m(left)):
[0;32m    845[0m     [38;5;66;03m# Pinning the index here (and in the right code just below) is not[39;00m
[0;32m    846[0m     [38;5;66;03m#  necessary, but makes the `.take` more performant if we have e.g.[39;00m
[0;32m    847[0m     [38;5;66;03m#  a MultiIndex for left.index.[39;00m
[0;32m    848[0m     lmgr [38;5;241m=[39m left[38;5;241m.[39m_mgr[38;5;241m.[39mreindex_indexer(
[0;32m    849[0m         join_index,
[0;32m    850[0m         left_indexer,
[1;32m   (...)[0m
[0;32m    855[0m         use_na_proxy[38;5;241m=[39m[38;5;28;01mTrue[39;00m,
[0;32m    856[0m     )

File [1;32m~\miniconda3\envs\ml_venv\lib\site-packages\pandas\core\reshape\merge.py:2757[0m, in [0;36m_items_overlap_with_suffix[1;34m(left, right, suffixes)[0m
[0;32m   2755[0m     dups[38;5;241m.[39mextend(rlabels[(rlabels[38;5;241m.[39mduplicated()) [38;5;241m&[39m ([38;5;241m~[39mright[38;5;241m.[39mduplicated())][38;5;241m.[39mtolist())
[0;32m   2756[0m [38;5;28;01mif[39;00m dups:
[1;32m-> 2757[0m     [38;5;28;01mraise[39;00m MergeError(
[0;32m   2758[0m         [38;5;124mf[39m[38;5;124m"[39m[38;5;124mPassing [39m[38;5;124m'[39m[38;5;124msuffixes[39m[38;5;124m'[39m[38;5;124m which cause duplicate columns [39m[38;5;132;01m{[39;00m[38;5;28mset[39m(dups)[38;5;132;01m}[39;00m[38;5;124m is [39m[38;5;124m"[39m
[0;32m   2759[0m         [38;5;124mf[39m[38;5;124m"[39m[38;5;124mnot allowed.[39m[38;5;124m"[39m,
[0;32m   2760[0m     )
[0;32m   2762[0m [38;5;28;01mreturn[39;00m llabels, rlabels

[1;31mMergeError[0m: Passing 'suffixes' which cause duplicate columns {'LocationID_pickup', 'Zone_pickup'} is not allowed.

